
> node-app@0.0.0 test
> mocha --timeout 5000



  App Integration Tests
    Root Route
      тЬФ should respond with status 200 to GET / (380ms)
    Error Handling
      тЬФ should return 404 for undefined routes
    CORS Handling
      тЬФ should handle CORS requests
    Get All Images Route
      тЬФ should call database query
      тЬФ should return images from database
      тЬФ should handle database errors gracefully

  Database Module
    Database Connection
      тЬФ should create connection with correct credentials
      тЬФ should export connection object
      тЬФ should expose query method on connection
    Connection Configuration
      тЬФ should use correct host configuration
      тЬФ should use correct database name

  Routes - Index Router
    GET /
      тЬФ should render index page with correct data
    POST /new
Request fields: {}
      1) should return 400 if image is not provided
Request fields: {}
      2) should return 400 with custom message
    GET /all
      тЬФ should return all images from database
      тЬФ should handle database errors when fetching images
      тЬФ should return empty array for no images

  Utility Functions Tests
    UUID Generation
      тЬФ should generate valid UUID format
      тЬФ should generate unique UUIDs
    File System Operations
      тЬФ should have fs module available
    Express Router
      тЬФ should create a valid Express router
    Stream Operations
      тЬФ should handle stream correctly


  20 passing (11s)
  2 failing

  1) Routes - Index Router
       POST /new
         should return 400 if image is not provided:
     Error: Timeout of 5000ms exceeded. For async tests and hooks, ensure "done()" is called; if returning a Promise, ensure it resolves. (D:\hits-docker-practice-master\node-app\test\routes.test.js)
      at listOnTimeout (node:internal/timers:605:17)
      at process.processTimers (node:internal/timers:541:7)

  2) Routes - Index Router
       POST /new
         should return 400 with custom message:
     Error: Timeout of 5000ms exceeded. For async tests and hooks, ensure "done()" is called; if returning a Promise, ensure it resolves. (D:\hits-docker-practice-master\node-app\test\routes.test.js)
      at listOnTimeout (node:internal/timers:605:17)
      at process.processTimers (node:internal/timers:541:7)



