
> node-app@0.0.0 test
> mocha --timeout 5000



  App Integration Tests
    Root Route
      тЬФ should respond with status 200 to GET / (368ms)
    Error Handling
      тЬФ should return 404 for undefined routes
    CORS Handling
      тЬФ should handle CORS requests
    Get All Images Route
      тЬФ should call database query
      тЬФ should return images from database
[2025-12-28T17:42:26.465Z] [ERROR] Error fetching images: "Connection failed"
      тЬФ should handle database errors gracefully

  Database Module
    Database Connection
[2025-12-28T17:42:26.469Z] [INFO] Database pool initialized successfully
      тЬФ should create pool with correct configuration
      тЬФ should export query method
[2025-12-28T17:42:26.474Z] [INFO] Database pool initialized successfully
      1) should execute parameterized queries
    Connection Configuration
[2025-12-28T17:42:26.477Z] [INFO] Database pool initialized successfully
      тЬФ should use correct host configuration
[2025-12-28T17:42:26.481Z] [INFO] Database pool initialized successfully
      тЬФ should use correct database name
[2025-12-28T17:42:26.484Z] [INFO] Database pool initialized successfully
      тЬФ should configure connection pool with correct limits

  Routes - Index Router
    GET /
      тЬФ should render index page with correct data
    POST /new
[2025-12-28T17:42:26.512Z] [WARN] Image upload attempt without file
      тЬФ should return 400 if image is not provided
[2025-12-28T17:42:26.521Z] [WARN] Image upload attempt without file
      тЬФ should return 400 when no fields are provided
    GET /all
      тЬФ should return all images from database
[2025-12-28T17:42:26.537Z] [ERROR] Error fetching images: "Database query failed"
      тЬФ should handle database errors when fetching images
      тЬФ should return empty array for no images

  Utility Functions Tests
    UUID Generation
      тЬФ should generate valid UUID format
      тЬФ should generate unique UUIDs
    File System Operations
      тЬФ should have fs module available
    Express Router
      тЬФ should create a valid Express router
    Stream Operations
      тЬФ should handle stream correctly


  22 passing (717ms)
  1 failing

  1) Database Module
       Database Connection
         should execute parameterized queries:
     TypeError: connection.release is not a function
      at Object.query (db.js:57:16)
      at process.processTicksAndRejections (node:internal/process/task_queues:103:5)
      at async Context.<anonymous> (test\db.test.js:76:22)



